Timestamp               Ty Process[PID:TID]
2026-10-02 08:53:11.437 Df RightKitFinder[70043:11e1bf] [app.rightkit.capture.finder:menu] Monitoring
2026-10-02 08:53:11.437 Df RightKitFinder[70043:11e1bf] [app.rightkit.capture.finder:menu-performance] init_ms=73.087250 roots=0
2026-10-02 08:53:36.203 Df RightKitFinder[70132:11e8aa] [app.rightkit.capture.finder:menu] Monitoring
2026-10-02 08:53:36.203 Df RightKitFinder[70132:11e8aa] [app.rightkit.capture.finder:menu-performance] init_ms=13.140708 roots=0
2026-10-02 08:53:48.448 Df RightKitFinder[70170:11ec15] [app.rightkit.capture.finder:menu] Monitoring
2026-10-02 08:53:48.448 Df RightKitFinder[70170:11ec15] [app.rightkit.capture.finder:menu-performance] init_ms=10.728417 roots=0
2026-10-02 08:54:21.784 Df RightKitFinder[70170:11ec15] [app.rightkit.capture.finder:menu] Monitoring /Users/liao/RightKit Capture
2026-10-02 08:54:21.784 Df RightKitFinder[70132:11e8aa] [app.rightkit.capture.finder:menu] Monitoring /Users/liao/RightKit Capture
2026-10-02 08:54:32.448 Df RightKitFinder[70132:11e8aa] [app.rightkit.capture.finder:menu] Monitoring /Users/liao/RightKit Capture
2026-10-02 08:58:23.268 Df RightKitFinder[70583:121241] [app.rightkit.capture.finder:menu] Monitoring /Users/liao/RightKit Capture
2026-10-02 08:58:23.268 Df RightKitFinder[70583:121241] [app.rightkit.capture.finder:menu-performance] init_ms=8.224042 roots=1
2026-10-02 08:59:04.315 Df RightKitFinder[70583:121548] [app.rightkit.capture.finder:menu] menu kind=0 folder=/Users/liao/RightKit Capture/ items=1 -> 新建文件[文本文档|Markdown|RTF 文稿|Word 文档|Excel 工作簿|PowerPoint 演示文稿]|在应用中打开[终端|Xcode]|剪切|复制到[Projects|Assets|Archive|—|选择文件夹…]|移动到[Projects|Assets|Archive|—|选择文件夹…]|工具箱[拷贝路径|拷贝名称|—|发送替身到桌面|隔空投送|授予写入权限|—|隐藏所选|—|设置文件夹图标…|—|解散文件夹|彻底删除…]
2026-10-02 08:59:04.315 Df RightKitFinder[70583:121548] [app.rightkit.capture.finder:menu-performance] menu first=true kind=0 items=1 metadata_ms=0.324542 pending_ms=0.089083 rules_ms=9.731792 presentation_ms=49.035792 total_ms=59.181208
2026-10-02 09:00:32.114 Df RightKitFinder[70583:121ca8] [app.rightkit.capture.finder:menu] menu kind=0 folder=/Users/liao/RightKit Capture/ items=1 -> 新建文件[文本文档|Markdown|RTF 文稿|Word 文档|Excel 工作簿|PowerPoint 演示文稿]|在应用中打开[终端|Xcode]|剪切|复制到[Projects|Assets|Archive|—|选择文件夹…]|移动到[Projects|Assets|Archive|—|选择文件夹…]|工具箱[拷贝路径|拷贝名称|—|发送替身到桌面|隔空投送|授予写入权限|—|隐藏所选|—|设置文件夹图标…|—|解散文件夹|彻底删除…]
2026-10-02 09:00:32.114 Df RightKitFinder[70583:121ca8] [app.rightkit.capture.finder:menu-performance] menu first=false kind=0 items=1 metadata_ms=0.254208 pending_ms=0.047792 rules_ms=2.449958 presentation_ms=5.777917 total_ms=8.529875
2026-10-02 09:01:24.195 Df RightKitFinder[70583:121ca8] [app.rightkit.capture.finder:menu] menu kind=1 folder=/Users/liao/RightKit Capture/ items=0 -> 新建文件[文本文档|Markdown|RTF 文稿|Word 文档|Excel 工作簿|PowerPoint 演示文稿]|常用目录[Projects|Assets|Archive]|在应用中打开[终端|Xcode]|拷贝当前路径
2026-10-02 09:01:24.195 Df RightKitFinder[70583:121ca8] [app.rightkit.capture.finder:menu-performance] menu first=false kind=1 items=0 metadata_ms=0.172792 pending_ms=0.046750 rules_ms=6.186292 presentation_ms=6.879875 total_ms=13.285708
2026-10-02 09:01:46.716 Df RightKitFinder[70583:121ca8] [app.rightkit.capture.finder:menu] menu kind=1 folder=/Users/liao/RightKit Capture/ items=0 -> 新建文件[文本文档|Markdown|RTF 文稿|Word 文档|Excel 工作簿|PowerPoint 演示文稿]|常用目录[Projects|Assets|Archive]|在应用中打开[终端|Xcode]|拷贝当前路径
2026-10-02 09:01:46.716 Df RightKitFinder[70583:121ca8] [app.rightkit.capture.finder:menu-performance] menu first=false kind=1 items=0 metadata_ms=0.126750 pending_ms=0.037208 rules_ms=2.447792 presentation_ms=4.736458 total_ms=7.348208
2026-10-02 09:02:27.934 Df RightKitFinder[70583:121ca8] [app.rightkit.capture.finder:menu] menu kind=1 folder=/Users/liao/RightKit Capture/ items=0 -> 新建文件[文本文档|Markdown|RTF 文稿|Word 文档|Excel 工作簿|PowerPoint 演示文稿]|常用目录[Projects|Assets|Archive]|在应用中打开[终端|Xcode]|拷贝当前路径
2026-10-02 09:02:27.934 Df RightKitFinder[70583:121ca8] [app.rightkit.capture.finder:menu-performance] menu first=false kind=1 items=0 metadata_ms=0.172125 pending_ms=0.052958 rules_ms=2.766750 presentation_ms=4.962958 total_ms=7.954792
2026-10-02 09:03:55.840 Df RightKitFinder[70583:122f13] [app.rightkit.capture.finder:menu] menu kind=1 folder=/Users/liao/RightKit Capture/ items=0 -> 新建文件[文本文档|Markdown|RTF 文稿|Word 文档|Excel 工作簿|PowerPoint 演示文稿]|常用目录[Projects|Assets|Archive]|在应用中打开[终端|Xcode]|拷贝当前路径
2026-10-02 09:03:55.840 Df RightKitFinder[70583:122f13] [app.rightkit.capture.finder:menu-performance] menu first=false kind=1 items=0 metadata_ms=0.118042 pending_ms=0.061417 rules_ms=2.693458 presentation_ms=3.161917 total_ms=6.034833
2026-10-02 09:04:48.783 Df RightKitFinder[70583:122f13] [app.rightkit.capture.finder:menu] menu kind=0 folder=/Users/liao/RightKit Capture/ items=1 -> 在应用中打开[终端|Xcode]|剪切|复制到[Projects|Assets|Archive|—|选择文件夹…]|移动到[Projects|Assets|Archive|—|选择文件夹…]|工具箱[拷贝路径|拷贝名称|—|根据文件名新建文件夹|发送替身到桌面|隔空投送|授予写入权限|文件信息（哈希）…|—|隐藏所选|隐藏扩展名|—|转换图片…|生成 macOS 图标集|生成 iOS 图标集|设为壁纸|设置文件夹图标…|—|彻底删除…]
2026-10-02 09:04:48.783 Df RightKitFinder[70583:122f13] [app.rightkit.capture.finder:menu-performance] menu first=false kind=0 items=1 metadata_ms=0.261583 pending_ms=0.006500 rules_ms=1.992542 presentation_ms=13.401458 total_ms=15.662083
2026-10-02 09:06:25.857 Df RightKitFinder[70583:122f13] [app.rightkit.capture.finder:menu] menu kind=0 folder=/Users/liao/RightKit Capture/ items=1 -> 在应用中打开[终端|Xcode]|剪切|复制到[Projects|Assets|Archive|—|选择文件夹…]|移动到[Projects|Assets|Archive|—|选择文件夹…]|工具箱[拷贝路径|拷贝名称|—|根据文件名新建文件夹|发送替身到桌面|隔空投送|授予写入权限|文件信息（哈希）…|—|隐藏所选|隐藏扩展名|—|转换图片…|生成 macOS 图标集|生成 iOS 图标集|设为壁纸|设置文件夹图标…|—|彻底删除…]
2026-10-02 09:06:25.857 Df RightKitFinder[70583:122f13] [app.rightkit.capture.finder:menu-performance] menu first=false kind=0 items=1 metadata_ms=0.212792 pending_ms=0.002792 rules_ms=4.092917 presentation_ms=5.009750 total_ms=9.318250
2026-10-02 09:08:20.225 Df RightKitFinder[70583:124965] [app.rightkit.capture.finder:menu] menu kind=1 folder=/Users/liao/RightKit Capture/ items=0 -> 新建文件[文本文档|Markdown|RTF 文稿|Word 文档|Excel 工作簿|PowerPoint 演示文稿]|常用目录[Projects|Assets|Archive]|在应用中打开[终端|Xcode]|拷贝当前路径
2026-10-02 09:08:20.225 Df RightKitFinder[70583:124965] [app.rightkit.capture.finder:menu-performance] menu first=false kind=1 items=0 metadata_ms=0.150125 pending_ms=0.048958 rules_ms=4.648667 presentation_ms=4.406417 total_ms=9.254167
2026-10-02 09:08:55.605 Df RightKitFinder[70583:124965] [app.rightkit.capture.finder:menu] menu kind=0 folder=/Users/liao/RightKit Capture/ items=1 -> 在应用中打开[终端|Xcode]|剪切|复制到[Projects|Assets|Archive|—|选择文件夹…]|移动到[Projects|Assets|Archive|—|选择文件夹…]|工具箱[拷贝路径|拷贝名称|—|根据文件名新建文件夹|发送替身到桌面|隔空投送|授予写入权限|文件信息（哈希）…|—|隐藏所选|隐藏扩展名|—|转换图片…|生成 macOS 图标集|生成 iOS 图标集|设为壁纸|设置文件夹图标…|—|彻底删除…]
2026-10-02 09:08:55.605 Df RightKitFinder[70583:124965] [app.rightkit.capture.finder:menu-performance] menu first=false kind=0 items=1 metadata_ms=1.954250 pending_ms=0.009125 rules_ms=1.838083 presentation_ms=2.201125 total_ms=6.002583
2026-10-02 09:09:36.874 Df RightKitFinder[70583:124e66] [app.rightkit.capture.finder:menu] menu kind=0 folder=/Users/liao/RightKit Capture/ items=1 -> 在应用中打开[终端|Xcode]|剪切|复制到[Projects|Assets|Archive|—|选择文件夹…]|移动到[Projects|Assets|Archive|—|选择文件夹…]|工具箱[拷贝路径|拷贝名称|—|根据文件名新建文件夹|发送替身到桌面|隔空投送|授予写入权限|文件信息（哈希）…|—|隐藏所选|隐藏扩展名|—|转换图片…|生成 macOS 图标集|生成 iOS 图标集|设为壁纸|设置文件夹图标…|—|彻底删除…]
2026-10-02 09:09:36.874 Df RightKitFinder[70583:124e66] [app.rightkit.capture.finder:menu-performance] menu first=false kind=0 items=1 metadata_ms=0.130125 pending_ms=0.002333 rules_ms=5.145958 presentation_ms=2.592250 total_ms=7.870667
2026-10-02 09:12:32.313 Df RightKitFinder[71283:1260ba] [app.rightkit.capture.finder:menu] Monitoring /Users/liao/RightKit Capture
2026-10-02 09:12:32.313 Df RightKitFinder[71283:1260ba] [app.rightkit.capture.finder:menu-performance] init_ms=4.834000 roots=1
2026-10-02 09:14:43.486 Df RightKitFinder[71345:126ae3] [app.rightkit.capture.finder:menu] Monitoring /Users/liao/RightKit Capture
2026-10-02 09:14:43.486 Df RightKitFinder[71345:126ae3] [app.rightkit.capture.finder:menu-performance] init_ms=2.132500 roots=1
2026-10-02 09:17:11.070 Df RightKitFinder[71398:1275f3] [app.rightkit.capture.finder:menu] Monitoring /Users/liao/RightKit Capture
2026-10-02 09:17:11.070 Df RightKitFinder[71398:1275f3] [app.rightkit.capture.finder:menu-performance] init_ms=2.742458 roots=1
2026-10-02 09:19:45.805 Df RightKitFinder[71527:1286c3] [app.rightkit.capture.finder:menu] Monitoring /Users/liao/RightKit Capture
2026-10-02 09:19:45.805 Df RightKitFinder[71527:1286c3] [app.rightkit.capture.finder:menu-performance] init_ms=2.307042 roots=1
2026-10-02 09:21:31.540 Df RightKitFinder[71572:12905b] [app.rightkit.capture.finder:menu] Monitoring /Users/liao/RightKit Capture
2026-10-02 09:21:31.540 Df RightKitFinder[71572:12905b] [app.rightkit.capture.finder:menu-performance] init_ms=2.551292 roots=1
2026-10-02 09:24:26.920 Df RightKitFinder[71660:129ec7] [app.rightkit.capture.finder:menu] Monitoring /Users/liao/RightKit Capture
2026-10-02 09:24:26.920 Df RightKitFinder[71660:129ec7] [app.rightkit.capture.finder:menu-performance] init_ms=2.181750 roots=1
2026-10-02 09:26:04.729 Df RightKitFinder[71660:129ec7] [app.rightkit.capture.finder:menu] Monitoring /Users/liao/RightKit Capture
2026-10-02 09:30:03.621 Df RightKitFinder[71771:12ba2d] [app.rightkit.capture.finder:menu] Monitoring /Users/liao/RightKit Capture
2026-10-02 09:30:03.621 Df RightKitFinder[71771:12ba2d] [app.rightkit.capture.finder:menu-performance] init_ms=2.459083 roots=1
2026-10-02 09:32:34.808 Df RightKitFinder[71771:12c62e] [app.rightkit.capture.finder:menu] menu kind=1 folder=/Users/liao/RightKit Capture/ items=0 -> New File[Notes|Plain Text|Markdown|Rich Text|Word Document|Excel Workbook|PowerPoint Presentation]|Favorite Folders[Projects|Assets|Archive]|Open in App[终端|Xcode]|Copy Current Path
2026-10-02 09:32:34.808 Df RightKitFinder[71771:12c62e] [app.rightkit.capture.finder:menu-performance] menu first=true kind=1 items=0 metadata_ms=0.147333 pending_ms=0.050542 rules_ms=4.237292 presentation_ms=9.868625 total_ms=14.303792
2026-10-02 09:33:58.876 Df RightKitFinder[72156:12d054] [app.rightkit.capture.finder:menu] Monitoring /Users/liao/RightKit Capture
2026-10-02 09:33:58.876 Df RightKitFinder[72156:12d054] [app.rightkit.capture.finder:menu-performance] init_ms=4.023458 roots=1
2026-10-02 09:36:28.315 Df RightKitFinder[72156:12d41b] [app.rightkit.capture.finder:menu] menu kind=1 folder=/Users/liao/RightKit Capture/ items=0 -> New File[Plain Text|Markdown|Rich Text|Word Document|Excel Workbook|PowerPoint Presentation]|Favorite Folders[Projects|Assets|Archive]|Open in App[Terminal|Xcode]|Copy Current Path
2026-10-02 09:36:28.315 Df RightKitFinder[72156:12d41b] [app.rightkit.capture.finder:menu-performance] menu first=true kind=1 items=0 metadata_ms=0.105875 pending_ms=0.037333 rules_ms=3.683208 presentation_ms=8.763042 total_ms=12.589458
2026-10-02 09:36:55.075 Df RightKitFinder[72156:12d41b] [app.rightkit.capture.finder:menu] menu kind=0 folder=/Users/liao/RightKit Capture/ items=1 -> Open in App[Terminal|Xcode]|Cut|Copy To[Projects|Assets|Archive|—|Choose Folder…]|Move To[Projects|Assets|Archive|—|Choose Folder…]|Toolbox[Copy Path|Copy Name|—|New Folder from Name|Make Alias on Desktop|AirDrop|Grant Write Permission|File Info (Hashes)…|—|Hide Selected|Hide Extension|—|Convert Image…|Make macOS Icon Set|Make iOS Icon Set|Set as Wallpaper|Set Folder Icon…|—|Delete Permanently…]
2026-10-02 09:36:55.075 Df RightKitFinder[72156:12d41b] [app.rightkit.capture.finder:menu-performance] menu first=false kind=0 items=1 metadata_ms=0.243167 pending_ms=0.002792 rules_ms=1.873000 presentation_ms=16.406500 total_ms=18.525458
